[aglp.biz/landingpageplanner/index.html]
[backblue.gif]
[fade.gif]
[index.html]
[aglp.biz/img/agoodlandingpage-icon.png]
[aglp.biz/images/uploads/1003/2737/5efef283e39d4_159376609729824b9.jpg]
[connect.facebook.net/en_US/fbevents.js]
[aglp.biz/landingpageplanner/bundles/timeto.css]
[aglp.biz/landingpageplanner/bundles/Professional_skeleton.css]
[aglp.biz/images/uploads/1003/2737/5efef2be254e0_1eb7f.jpg]
[aglp.biz/bundles/countdown-placeholder.png]
[aglp.biz/landingpageplanner/bundles/jquery.min.js]
[aglp.biz/landingpageplanner/bundles/jquery.time-to.js]
[aglp.biz/landingpageplanner/bundles/lazyload.js]
[aglp.biz/landingpageplanner/wa.me/index.html]
[aglp.biz/landingpageplanner/bundles/Professional_skeleton.bundle.js]
[aglp.biz/landingpageplanner/POST.html]
[aglp.biz/landingpageplanner/bundles/Jipp.gif]
[aglp.biz/landingpageplanner/index.html]
[connect.facebook.net/en_US/fbevents.js]
[aglp.biz/landingpageplanner/bundles/674f50d287a8c48dc19ba404d20fe713.eot]
[aglp.biz/landingpageplanner/bundles/674f50d287a8c48dc19ba404d20fe713d41d.eot]
[aglp.biz/landingpageplanner/bundles/af7ae505a9eed503f8b8e6982036873e.woff2]
[aglp.biz/landingpageplanner/bundles/fee66e712a8a08eef5805a46892932ad.woff]
[aglp.biz/landingpageplanner/bundles/b06871f281fee6b241d60582ae9369b9.ttf]
[aglp.biz/landingpageplanner/bundles/7e12564e72400735ae5b671780f6a9f7.eot]
[aglp.biz/landingpageplanner/bundles/7e12564e72400735ae5b671780f6a9f7d41d.eot]
[aglp.biz/landingpageplanner/bundles/7dba93149f3d646c27f255ddcd694c41.png]
[aglp.biz/landingpageplanner/bundles/912ec66d7572ff821749319396470bde.svg]
[aglp.biz/landingpageplanner/bundles/fbb53502175de4260ab7f918937f60a3.png]
[aglp.biz/landingpageplanner/bundles/ed242ead2b178f6c1e36bd327fb6f100.png]
[aglp.biz/landingpageplanner/bundles/49d23185a5f25e1d8c0305b39dcaef8c.png]
[aglp.biz/landingpageplanner/bundles/125c50f9ac7102f21ebe9e61e7043e43.png]
[aglp.biz/landingpageplanner/bundles/40e83fff54376bb6dc5df306716bbab8.png]
[aglp.biz/landingpageplanner/bundles/b4d9cbb0062a4f6af887e189fd13bf2f.png]
[aglp.biz/landingpageplanner/bundles/bb4ecffa8c8fc3933332894202233d4b.png]
[aglp.biz/landingpageplanner/bundles/695ca83a133aa56420add02d27b48cc3.png]
[aglp.biz/landingpageplanner/bundles/4331f9197299c1180454b4ee4391d60a.png]
[aglp.biz/landingpageplanner/bundles/Professional_skeleton.css]
[aglp.biz/landingpageplanner/bundles/timeto.css]
[aglp.biz/landingpageplanner/wa.me/index.html]
[aglp.biz/landingpageplanner/POST.html]
[aglp.biz/landingpageplanner/bundles/912ec66d7572ff821749319396470bde.svg]
